// Vitest Snapshot v1, https://vitest.dev/guide/snapshot.html

exports[`buildColumnsModule > matches the snapshot 1`] = `
"/**
 * Scaffolded by table-builder.
 * You own this file now — edit it freely (add buttons, badges, inline cell logic).
 * To refresh after the builder changes: re-run the builder to a scratch path and
 * reconcile your edits. The builder does NOT merge back into this file.
 */
import { useMemo } from 'react';
import type { ColumnDef } from '@tanstack/react-table';
import {
  createColumnHelpers,
  type StatusBadgeConfig,
} from '@/components/ui/data-grid-columns';
import type { Employee } from '../model/employee';

const statusBadgeConfig: StatusBadgeConfig<string> = {
  active: { label: 'Đang hoạt động', className: 'bg-admin-success-bg text-admin-success-text', dotClassName: 'bg-admin-success-dot' },
  locked: { label: 'Đã khóa', variant: 'outline' },
};

export function useEmployeeColumns(): ColumnDef<Employee>[] {
  return useMemo(() => {
    const col = createColumnHelpers<Employee>();

    return [
          col.index({
            header: 'STT',
          }),
          col.custom({
            id: 'name',
            header: 'Nhân viên',
            headerClassName: 'min-w-[260px]',
            // TODO(scaffold): điền nội dung cell — vd: (row) => <Button .../>.
            cell: () => null,
          }),
          col.badge({
            id: 'status',
            header: 'Trạng thái',
            get: (row) => row.status,
            config: statusBadgeConfig,
            headerClassName: 'w-[140px]',
          }),
          col.currency({
            id: 'salary',
            header: 'Lương',
            get: (row) => row.salary,
          }),
          col.date({
            id: 'startDate',
            header: 'Ngày vào',
            get: (row) => row.startDate,
          }),
          col.actions({
            header: 'Thao tác',
            headerClassName: 'w-[120px]',
            // TODO(scaffold): điền nội dung cell — vd: (row) => <Button .../>.
            cell: () => null,
          }),
    ];
  }, []);
}
"
`;
